IID	FID	SUPER
HG002	HG002	EUR
HG003	HG003	AFR
HG004	HG004	SAS
